
> nx run twenty-eslint-rules:test --no-daemon

● Validation Warning:

  Unknown option "silent" with value false was found.
  This is probably a typing mistake. Fixing it will remove this message.

  Configuration Documentation:
  https://jestjs.io/docs/configuration

 FAIL   twenty-eslint-rules  packages/twenty-eslint-rules/rules/no-state-useref.spec.ts
  ● Test suite failed to run
    packages/twenty-eslint-rules/rules/no-state-useref.spec.ts:6:3 - error TS2353: Object literal may only specify known properties, and 'languageOptions' does not exist in type 'RuleTesterConfig'.
    6   languageOptions: {
        ~~~~~~~~~~~~~~~
 FAIL   twenty-eslint-rules  packages/twenty-eslint-rules/rules/styled-components-prefixed-with-styled.spec.ts
  ● Test suite failed to run
    packages/twenty-eslint-rules/rules/styled-components-prefixed-with-styled.spec.ts:6:3 - error TS2353: Object literal may only specify known properties, and 'languageOptions' does not exist in type 'RuleTesterConfig'.
    6   languageOptions: {
        ~~~~~~~~~~~~~~~
 FAIL   twenty-eslint-rules  packages/twenty-eslint-rules/rules/rest-api-methods-should-be-guarded.spec.ts
  ● Test suite failed to run
    packages/twenty-eslint-rules/rules/rest-api-methods-should-be-guarded.spec.ts:6:3 - error TS2353: Object literal may only specify known properties, and 'languageOptions' does not exist in type 'RuleTesterConfig'.
    6   languageOptions: {
        ~~~~~~~~~~~~~~~
 FAIL   twenty-eslint-rules  packages/twenty-eslint-rules/rules/no-hardcoded-colors.spec.ts
  ● Test suite failed to run
    packages/twenty-eslint-rules/rules/no-hardcoded-colors.spec.ts:6:3 - error TS2353: Object literal may only specify known properties, and 'languageOptions' does not exist in type 'RuleTesterConfig'.
    6   languageOptions: {
        ~~~~~~~~~~~~~~~
 FAIL   twenty-eslint-rules  packages/twenty-eslint-rules/rules/max-consts-per-file.spec.ts
  ● Test suite failed to run
    packages/twenty-eslint-rules/rules/max-consts-per-file.spec.ts:8:3 - error TS2353: Object literal may only specify known properties, and 'languageOptions' does not exist in type 'RuleTesterConfig'.
    8   languageOptions: {
        ~~~~~~~~~~~~~~~
    packages/twenty-eslint-rules/rules/max-consts-per-file.spec.ts:17:7 - error TS2322: Type '[{ max: number; }]' is not assignable to type 'readonly []'.
      Source has 1 element(s) but target allows only 0.
    17       options: [{ max }],
             ~~~~~~~
    packages/twenty-eslint-rules/rules/max-consts-per-file.spec.ts:23:7 - error TS2322: Type '[{ max: number; }]' is not assignable to type 'readonly []'.
      Source has 1 element(s) but target allows only 0.
    23       options: [{ max }],
             ~~~~~~~
      node_modules/@typescript-eslint/utils/dist/ts-eslint/RuleTester.d.ts:37:14
        37     readonly options?: Readonly<Options>;
                        ~~~~~~~
        The expected type comes from property 'options' which is declared here on type 'InvalidTestCase<"tooManyConstants", []>'
 FAIL   twenty-eslint-rules  packages/twenty-eslint-rules/rules/no-navigate-prefer-link.spec.ts
  ● Test suite failed to run
    packages/twenty-eslint-rules/rules/no-navigate-prefer-link.spec.ts:6:3 - error TS2353: Object literal may only specify known properties, and 'languageOptions' does not exist in type 'RuleTesterConfig'.
    6   languageOptions: {
        ~~~~~~~~~~~~~~~
 FAIL   twenty-eslint-rules  packages/twenty-eslint-rules/rules/sort-css-properties-alphabetically.spec.ts
  ● Test suite failed to run
    packages/twenty-eslint-rules/rules/sort-css-properties-alphabetically.spec.ts:6:3 - error TS2353: Object literal may only specify known properties, and 'languageOptions' does not exist in type 'RuleTesterConfig'.
    6   languageOptions: {
        ~~~~~~~~~~~~~~~
 FAIL   twenty-eslint-rules  packages/twenty-eslint-rules/rules/inject-workspace-repository.spec.ts
  ● Test suite failed to run
    packages/twenty-eslint-rules/rules/inject-workspace-repository.spec.ts:5:3 - error TS2353: Object literal may only specify known properties, and 'languageOptions' does not exist in type 'RuleTesterConfig'.
    5   languageOptions: {
        ~~~~~~~~~~~~~~~
 FAIL   twenty-eslint-rules  packages/twenty-eslint-rules/rules/matching-state-variable.spec.ts
  ● Test suite failed to run
    packages/twenty-eslint-rules/rules/matching-state-variable.spec.ts:6:3 - error TS2353: Object literal may only specify known properties, and 'languageOptions' does not exist in type 'RuleTesterConfig'.
    6   languageOptions: {
        ~~~~~~~~~~~~~~~
 FAIL   twenty-eslint-rules  packages/twenty-eslint-rules/rules/graphql-resolvers-should-be-guarded.spec.ts
  ● Test suite failed to run
    packages/twenty-eslint-rules/rules/graphql-resolvers-should-be-guarded.spec.ts:6:3 - error TS2353: Object literal may only specify known properties, and 'languageOptions' does not exist in type 'RuleTesterConfig'.
    6   languageOptions: {
        ~~~~~~~~~~~~~~~
 FAIL   twenty-eslint-rules  packages/twenty-eslint-rules/rules/useRecoilCallback-has-dependency-array.spec.ts
  ● Test suite failed to run
    packages/twenty-eslint-rules/rules/useRecoilCallback-has-dependency-array.spec.ts:6:3 - error TS2353: Object literal may only specify known properties, and 'languageOptions' does not exist in type 'RuleTesterConfig'.
    6   languageOptions: {
        ~~~~~~~~~~~~~~~
 FAIL   twenty-eslint-rules  packages/twenty-eslint-rules/rules/use-getLoadable-and-getValue-to-get-atoms.spec.ts
  ● Test suite failed to run
    packages/twenty-eslint-rules/rules/use-getLoadable-and-getValue-to-get-atoms.spec.ts:6:3 - error TS2353: Object literal may only specify known properties, and 'languageOptions' does not exist in type 'RuleTesterConfig'.
    6   languageOptions: {
        ~~~~~~~~~~~~~~~
 FAIL   twenty-eslint-rules  packages/twenty-eslint-rules/rules/effect-components.spec.ts
  ● Test suite failed to run
    packages/twenty-eslint-rules/rules/effect-components.spec.ts:6:3 - error TS2353: Object literal may only specify known properties, and 'languageOptions' does not exist in type 'RuleTesterConfig'.
    6   languageOptions: {
        ~~~~~~~~~~~~~~~
 FAIL   twenty-eslint-rules  packages/twenty-eslint-rules/rules/component-props-naming.spec.ts
  ● Test suite failed to run
    packages/twenty-eslint-rules/rules/component-props-naming.spec.ts:6:3 - error TS2353: Object literal may only specify known properties, and 'languageOptions' does not exist in type 'RuleTesterConfig'.
    6   languageOptions: {
        ~~~~~~~~~~~~~~~
A worker process has failed to exit gracefully and has been force exited. This is likely caused by tests leaking due to improper teardown. Try running with --detectOpenHandles to find leaks. Active timers can also cause this, ensure that .unref() was called on them.
=============================== Coverage summary ===============================
[33;1mStatements   : Unknown% ( 0/0 )[0m
[33;1mBranches     : Unknown% ( 0/0 )[0m
[33;1mFunctions    : Unknown% ( 0/0 )[0m
[33;1mLines        : Unknown% ( 0/0 )[0m
================================================================================
Test Suites: 14 failed, 14 total
Tests:       0 total
Snapshots:   0 total
Time:        62.782 s



 NX   Running target test for project twenty-eslint-rules failed

Failed tasks:

- twenty-eslint-rules:test

Hint: run the command with --verbose for more details.

